ATTR_P		EQU 05C8DH
BORDCR		EQU 05C48H
CC_AT		EQU 00016H
CC_INK		EQU 00010H
CC_OVER		EQU 00015H
CC_PAPER	EQU 00011H
CHAN_OPEN	EQU 01601H
CopyBankToBank	EQU 080A1H
CopyCopyByteLoop EQU 080BBH
LD_BYTES	EQU 00556H
NORMALSCREENPAGE EQU 00005H
NewStack	EQU 08000H
RAMPAGE0	EQU 00000H
RAMPAGE1	EQU 00001H
RAMPAGE2	EQU 00002H
RAMPAGE3	EQU 00003H
RAMPAGE4	EQU 00004H
RAMPAGE5	EQU 00005H
RAMPAGE6	EQU 00006H
RAMPAGE7	EQU 00007H
ROM128K		EQU 00000H
ROM48K		EQU 00010H
ROM_CLS		EQU 00D6BH
SA_BYTES	EQU 004C2H
SHADOWSCREENPAGE EQU 00007H
START		EQU 08002H
ZX7_DecompressBanked EQU 0804CH
dzx7_standard	EQU 08057H
dzx7s_copy_byte_loop EQU 08059H
dzx7s_exit	EQU 08098H
dzx7s_len_size_loop EQU 08068H
dzx7s_len_value_loop EQU 0806EH
dzx7s_main_loop	EQU 0805EH
dzx7s_next_bit	EQU 0809BH
dzx7s_offset_end EQU 0808DH
dzx7s_rld_next_bit EQU 08083H
lastlocation	EQU 087FAH
main		EQU 0800BH
pageport	EQU 07FFDH
pagevalue	EQU 0814AH
setrampage	EQU 0803DH
size_all	EQU 007F8H
size_main	EQU 00032H
testscreen	EQU 0814FH
testscreenLEN	EQU 006ABH
zx7DestinationBank EQU 0814BH
zx7SaveHL	EQU 0814DH
zx7SourceBank	EQU 0814CH
zxBufferSpace	EQU 080CAH
